==================================================
Running lab2_ref to establish effectiveness baselines
Lab 2 Autograder: Using blocks in ./auto_grade/blocks/

==================================================

	Problem determining NAME and/or NETID
	Deduct 10 points for conformance

Name: badRM	NetID: BadReadme.tar	Date From Files:  2024-02-05

------------------------------------------------------------
Output from building executable, if necessary
--- building executable ---
Cleaned directory
Built allocator
--- built executable; should be ready to run ---

-----------------------------------------------------------


Result is a set of (k, cycle) pairs for each test block

T001k.i:	{3: 6876, 4: 6534, 5: 6204, 6: 5874, 8: 5214, 12: 3918, 16: 2622}
report1.i:	{3: 201, 4: 153, 5: 118, 6: 93, 8: 61, 12: 54, 16: 54}
report2.i:	{3: 136, 4: 122, 5: 105, 6: 99, 8: 87, 12: 68, 16: 56}
report3.i:	{3: 404, 4: 343, 5: 298, 6: 260, 8: 217, 12: 155, 16: 118}
report4.i:	{3: 168, 4: 161, 5: 155, 6: 149, 8: 137, 12: 114, 16: 90}
report5.i:	{3: 56, 4: 46, 5: 38, 6: 36, 8: 30, 12: 30, 16: 30}
report6.i:	{3: 287, 4: 247, 5: 199, 6: 187, 8: 166, 12: 142, 16: 120}
report7.i:	{3: 100, 4: 81, 5: 68, 6: 61, 8: 47, 12: 44, 16: 44}

Correctness points:  	30.0
Effectiveness points:	20.0

Help message does not list '-x'

Submission loses 10 points for conformance problems

Finished submission  BadReadme.tar
==================================================
Name: Comp 412	NetID: comp412	Date From Files:  2024-02-11

------------------------------------------------------------
Output from building executable, if necessary
--- building executable ---
Cleaned directory
Built allocator
--- built executable; should be ready to run ---

-----------------------------------------------------------


Result is a set of (k, cycle) pairs for each test block

T001k.i:	{3: 6876, 4: 6534, 5: 6204, 6: 5874, 8: 5214, 12: 3918, 16: 2622}
report1.i:	{3: 201, 4: 153, 5: 118, 6: 93, 8: 61, 12: 54, 16: 54}
report2.i:	{3: 136, 4: 122, 5: 105, 6: 99, 8: 87, 12: 68, 16: 56}
report3.i:	{3: 404, 4: 343, 5: 298, 6: 260, 8: 217, 12: 155, 16: 118}
report4.i:	{3: 168, 4: 161, 5: 155, 6: 149, 8: 137, 12: 114, 16: 90}
report5.i:	{3: 56, 4: 46, 5: 38, 6: 36, 8: 30, 12: 30, 16: 30}
report6.i:	{3: 287, 4: 247, 5: 199, 6: 187, 8: 166, 12: 142, 16: 120}
report7.i:	{3: 100, 4: 81, 5: 68, 6: 61, 8: 47, 12: 44, 16: 44}

Correctness points:  	30.0
Effectiveness points:	20.0

Finished submission  comp412.tar
==================================================

	Problem determining NAME and/or NETID
	Deduct 10 points for conformance

Name: gwt5035.tar	NetID: gwt5035.tar	Date From Files:  2025-10-21

------------------------------------------------------------
Output from building executable, if necessary
--- building executable ---
rm -f 412alloc
GOFLAGS= GOTOOLCHAIN=local go build -trimpath -ldflags="-s -w" -o 412alloc ./cmd/412alloc
chmod +x 412alloc
--- built executable; should be ready to run ---

-----------------------------------------------------------


Result is a set of (k, cycle) pairs for each test block

T001k.i:	{3: 7834, 4: 6534, 5: 6204, 6: 5874, 8: 5214, 12: 3918, 16: 2622}
report1.i:	{3: 256, 4: 179, 5: 143, 6: 113, 8: 71, 12: 54, 16: 54}
report2.i:	{3: 171, 4: 128, 5: 113, 6: 106, 8: 92, 12: 64, 16: 56}
report3.i:	{3: 425, 4: 352, 5: 307, 6: 262, 8: 219, 12: 155, 16: 118}
report4.i:	{3: 167, 4: 161, 5: 155, 6: 149, 8: 137, 12: 110, 16: 86}
report5.i:	{3: 86, 4: 56, 5: 45, 6: 40, 8: 30, 12: 30, 16: 30}
report6.i:	{3: 283, 4: 244, 5: 198, 6: 188, 8: 175, 12: 147, 16: 122}
report7.i:	{3: 114, 4: 91, 5: 75, 6: 67, 8: 53, 12: 44, 16: 44}

Correctness points:  	30.0
Effectiveness points:	18.79

Submission loses 10 points for conformance problems

Finished submission  gwt5035.tar
==================================================

Grading run complete.

