Lab 2 Autotimer: using Scalability SLOCs blocks

Gathering operation counts with lab2 simulator.

=======================================================================
Testing submission: BadReadme.tar

	Problem determining NAME and/or NETID
	Deduct -20% of conformance points

Name: badRM, NetID: BadReadme.tar	Date From Files: 2024-02-05

--- building executable ---
Cleaned directory
Built allocator
--- built executable; should be ready to run ---

Testing Scalability:	(minimum time of 5 runs)

	T1k.i:  	0.0117 seconds
	T2k.i:  	0.0136 seconds
	T4k.i:  	0.0168 seconds
	T8k.i:  	0.0237 seconds
	T16k.i:  	0.0354 seconds
	T32k.i:  	0.0647 seconds
	T64k.i:  	0.1191 seconds
	T128k.i:  	0.2273 seconds
 
Scaling score is 	10.0
Efficiency score is 	10.0	( c )

finished timing run on submission BadReadme.tar
=======================================================================
Testing submission: comp412.tar
Name: Comp 412, NetID: comp412	Date From Files: 2024-02-11

--- building executable ---
Cleaned directory
Built allocator
--- built executable; should be ready to run ---

Testing Scalability:	(minimum time of 5 runs)

	T1k.i:  	0.0116 seconds
	T2k.i:  	0.0129 seconds
	T4k.i:  	0.0167 seconds
	T8k.i:  	0.0232 seconds
	T16k.i:  	0.0364 seconds
	T32k.i:  	0.0632 seconds
	T64k.i:  	0.1161 seconds
	T128k.i:  	0.2229 seconds
 
Scaling score is 	10.0
Efficiency score is 	10.0	( c )

finished timing run on submission comp412.tar
=======================================================================
Testing submission: gwt5035.tar

***	Tar archive has more than 5 levels of subdirectories.
	May indicate a poorly constructed archive.
Name: Grant Thompson, NetID: gwt5035	Date From Files: 2025-10-21

--- building executable ---
rm -f 412alloc
GOFLAGS= GOTOOLCHAIN=local go build -trimpath -ldflags="-s -w" -o 412alloc ./cmd/412alloc
chmod +x 412alloc
--- built executable; should be ready to run ---

Testing Scalability:	(minimum time of 5 runs)

	T1k.i:  	0.0167 seconds
	T2k.i:  	0.0265 seconds
	T4k.i:  	0.0421 seconds
	T8k.i:  	0.0849 seconds
	T16k.i:  	0.1615 seconds
	T32k.i:  	0.3146 seconds
	T64k.i:  	0.6019 seconds
	T128k.i:  	1.0613 seconds
 
Scaling score is 	10.0
Efficiency score is 	9.39	( unknown )

finished timing run on submission gwt5035.tar
=======================================================================

Timing run complete.

