Lab 2 Autotimer: using Scalability SLOCs blocks

Gathering operation counts with lab2 simulator.

=======================================================================
Testing submission: BadReadme.tar

	Problem determining NAME and/or NETID
	Deduct -20% of conformance points

Name: badRM, NetID: BadReadme.tar	Date From Files: 2024-02-05

--- building executable ---
Cleaned directory
Built allocator
--- built executable; should be ready to run ---

Testing Scalability:	(minimum time of 5 runs)

	T1k.i:  	0.0115 seconds
	T2k.i:  	0.0143 seconds
	T4k.i:  	0.0171 seconds
	T8k.i:  	0.0240 seconds
	T16k.i:  	0.0380 seconds
	T32k.i:  	0.0646 seconds
	T64k.i:  	0.1194 seconds
	T128k.i:  	0.2274 seconds
 
Scaling score is 	10.0
Efficiency score is 	10.0	( c )

finished timing run on submission BadReadme.tar
=======================================================================
Testing submission: comp412.tar
Name: Comp 412, NetID: comp412	Date From Files: 2024-02-11

--- building executable ---
Cleaned directory
Built allocator
--- built executable; should be ready to run ---

Testing Scalability:	(minimum time of 5 runs)

	T1k.i:  	0.0121 seconds
	T2k.i:  	0.0135 seconds
	T4k.i:  	0.0174 seconds
	T8k.i:  	0.0235 seconds
	T16k.i:  	0.0370 seconds
	T32k.i:  	0.0633 seconds
	T64k.i:  	0.1162 seconds
	T128k.i:  	0.2246 seconds
 
Scaling score is 	10.0
Efficiency score is 	10.0	( c )

finished timing run on submission comp412.tar
=======================================================================
Testing submission: gwt5035.tar

***	Tar archive has more than 5 levels of subdirectories.
	May indicate a poorly constructed archive.
Name: Grant Thompson, NetID: gwt5035	Date From Files: 2025-10-21

--- building executable ---
rm -f 412alloc
GOFLAGS= GOTOOLCHAIN=local go build -trimpath -ldflags="-s -w" -o 412alloc ./cmd/412alloc
chmod +x 412alloc
--- built executable; should be ready to run ---

Testing Scalability:	(minimum time of 5 runs)

	T1k.i:  	0.0181 seconds
	T2k.i:  	0.0281 seconds
	T4k.i:  	0.0472 seconds
	T8k.i:  	0.0885 seconds
	T16k.i:  	0.1693 seconds
	T32k.i:  	0.3282 seconds
	T64k.i:  	0.6311 seconds
	T128k.i:  	1.1681 seconds
 
Scaling score is 	10.0
Efficiency score is 	8.32	( unknown )

finished timing run on submission gwt5035.tar
=======================================================================

Timing run complete.

