Lab 2 Autotimer: using Scalability SLOCs blocks

Gathering operation counts with lab2 simulator.

=======================================================================
Testing submission: BadReadme.tar

	Problem determining NAME and/or NETID
	Deduct -20% of conformance points

Name: badRM, NetID: BadReadme.tar	Date From Files: 2024-02-05

--- building executable ---
Cleaned directory
Built allocator
--- built executable; should be ready to run ---

Testing Scalability:	(minimum time of 5 runs)

	T1k.i:  	0.0049 seconds
	T2k.i:  	0.0057 seconds
	T4k.i:  	0.0073 seconds
	T8k.i:  	0.0105 seconds
	T16k.i:  	0.0169 seconds
	T32k.i:  	0.0294 seconds
	T64k.i:  	0.0544 seconds
	T128k.i:  	0.1047 seconds
 
Scaling score is 	10.0
Efficiency score is 	10.0	( c )

finished timing run on submission BadReadme.tar
=======================================================================
Testing submission: comp412.tar
Name: Comp 412, NetID: comp412	Date From Files: 2024-02-11

--- building executable ---
Cleaned directory
Built allocator
--- built executable; should be ready to run ---

Testing Scalability:	(minimum time of 5 runs)

	T1k.i:  	0.0049 seconds
	T2k.i:  	0.0056 seconds
	T4k.i:  	0.0072 seconds
	T8k.i:  	0.0102 seconds
	T16k.i:  	0.0163 seconds
	T32k.i:  	0.0284 seconds
	T64k.i:  	0.0531 seconds
	T128k.i:  	0.1013 seconds
 
Scaling score is 	10.0
Efficiency score is 	10.0	( c )

finished timing run on submission comp412.tar
=======================================================================
Testing submission: gwt5035.tar

***	Tar archive has more than 5 levels of subdirectories.
	May indicate a poorly constructed archive.

	Problem determining NAME and/or NETID
	Deduct -40% of conformance points

Name: gwt5035.tar, NetID: gwt5035.tar	Date From Files: 2025-10-20

--- building executable ---
rm -f 412alloc
GOFLAGS= GOTOOLCHAIN=local go build -trimpath -ldflags="-s -w" -o 412alloc ./cmd/412alloc
chmod +x 412alloc
--- built executable; should be ready to run ---

Testing Scalability:	(minimum time of 5 runs)

	T1k.i:  	0.0078 seconds
	T2k.i:  	0.0122 seconds
	T4k.i:  	0.0202 seconds
	T8k.i:  	0.0385 seconds
	T16k.i:  	0.0737 seconds
	T32k.i:  	0.1448 seconds
	T64k.i:  	0.2804 seconds
	T128k.i:  	0.5668 seconds
 
Scaling score is 	10.0
Efficiency score is 	10.0	( unknown )

finished timing run on submission gwt5035.tar
=======================================================================

Timing run complete.

