CodeCheck2 on './412alloc' for user gwt5035
Using '/tmp/gwt5035-code-check-2' for temporary storage
Run on 10-15-25 at 18:08:31 on host onyx.clear9.rice.edu
Changing directory to '.'.

Testing 'cc1.i'
	k = 5	 correct in 21 cycles
	k = 7	 correct in 20 cycles

Testing 'cc2.i'
	k = 5	 correct in 98 cycles
	k = 7	 correct in 72 cycles

Testing 'cc3.i'
	k = 5	 correct in 98 cycles
	k = 7	 correct in 78 cycles

Testing 'cc4.i'
	k = 5	 correct in 6240 cycles
	k = 7	 correct in 5616 cycles

Testing 'cc5.i'
	k = 5	 correct in 194 cycles
	k = 7	 correct in 180 cycles

Removing /tmp/gwt5035-code-check-2

Code Check 2 script exits normally