CodeCheck2 on '/clear/courses/comp412/students/lab2/lab2_ref' for user gwt5035
Using '/tmp/gwt5035-code-check-2' for temporary storage
Run on 10-15-25 at 18:05:42 on host onyx.clear9.rice.edu
Changing directory to '/clear/courses/comp412/students/lab2'.

Testing 'cc1.i'
	k = 5	 correct in 20 cycles
	k = 7	 correct in 21 cycles

Testing 'cc2.i'
	k = 5	 correct in 92 cycles
	k = 7	 correct in 66 cycles

Testing 'cc3.i'
	k = 5	 correct in 84 cycles
	k = 7	 correct in 61 cycles

Testing 'cc4.i'
	k = 5	 correct in 6204 cycles
	k = 7	 correct in 5544 cycles

Testing 'cc5.i'
	k = 5	 correct in 155 cycles
	k = 7	 correct in 143 cycles

Removing /tmp/gwt5035-code-check-2

Code Check 2 script exits normally.